--------- beginning of (HKS)5768027E9B88009BC2149E3370DFA469F7F6D2A17ECAA0BF88C48ACC32B550FF290EA2A997EBA2FB4C122DCA41063695EA52BCFC0CB64976B317B08708EDD4A225169EAA28AEC72DB7BBCB8F94DDD76CBBA7E901BF7E443DB2287CFCBCC3A6D93D19FE949B7E2888BA87FD24973B9E658E7E0D694BB2A9F9FF214DD9AA92F8CF2B13269BAA96CA8840F5EF8D5868C5E6153EDAC8F4308844718B1A39FAB6118C0BFDEB6819386CA8CF8B103B5988C644F9BE1DD0427AA4CD6F3A3891DEB1C2E1ACF9CE188AF771AA762CAFC0BE442B7D970CD25856A9C0D422156BEF3BC9E2BCAF51D331E3C12F20EA4EA4936522FE4BDE877CEB08B41BE8EB3851D2A5F8AEAD(HKE)
